Microchip MPLAB XC8 Compiler V2.46

Linker command line:

-W-3 \
  --edf=C:\Program Files\Microchip\xc8\v2.46\pic\dat\20240104201356_en.msgs \
  -cn -h+dist/default/production\Water_management_System.X.production.sym \
  --cmf=dist/default/production\Water_management_System.X.production.cmf -z \
  -Q16F877A -oC:\Users\NCAT010\AppData\Local\Temp\xcAsh6k.\driver_tmp_3.o \
  --defsym=__MPLAB_BUILD=1 --fixupoverflow=error \
  -Mdist/default/production/Water_management_System.X.production.map \
  --md=C:\Users\NCAT010\AppData\Local\Temp\xcAsh6k.\driver_tmp_0.dat -E1 \
  -ver=XC8 Compiler --acfsm=1493 -ACODE=00h-07FFhx4 -ASTRCODE=00h-01FFFh \
  -ASTRING=00h-0FFhx32 -ACONST=00h-0FFhx32 -AENTRY=00h-0FFhx32 \
  -ACOMMON=070h-07Fh -ABANK0=020h-06Fh -ABANK1=0A0h-0EFh \
  -ABANK2=0110h-016Fh -ABANK3=0190h-01EFh \
  -ARAM=020h-06Fh,0A0h-0EFh,0110h-016Fh,0190h-01EFh \
  -AABS1=020h-07Fh,0A0h-0EFh,0110h-016Fh,0190h-01EFh -ASFR0=00h-01Fh \
  -ASFR1=080h-09Fh -ASFR2=0100h-010Fh -ASFR3=0180h-018Fh \
  -ACONFIG=02007h-02007h -DCONFIG=2 -AIDLOC=02000h-02003h -DIDLOC=2 \
  -AEEDATA=00h-0FFh/02100h -peeprom_data=EEDATA -DEEDATA=2 -DCODE=2 \
  -DSTRCODE=2 -DSTRING=2 -DCONST=2 -DENTRY=2 \
  -preset_vec=00h,intentry,sivt,init,end_init -ppowerup=CODE -pcinit=CODE \
  -pfunctab=ENTRY -k \
  C:\Users\NCAT010\AppData\Local\Temp\xcAsh6k.\driver_tmp_12.o \
  dist/default/production\Water_management_System.X.production.o 

Object code version is 3.11

Machine type is 16F877A



                Name                               Link     Load   Length Selector   Space Scale
C:\Users\NCAT010\AppData\Local\Temp\xcAsh6k.\driver_tmp_12.o
                end_init                              0        0        3        0       0
                config                             2007     2007        1        0       4
dist/default/production\Water_management_System.X.production.o
                cinit                               7FA      7FA        6      FF4       0
                config                             2007     2007        1        0       4
                text7                               49D      49D       22      93A       0
                text6                               483      483       1A      906       0
                text5                               476      476        D      8EC       0
                text4                               57F      57F       5B      AFE       0
                text3                               4BF      4BF       25      97E       0
                text2                               4E4      4E4       46      9C8       0
                text1                               52A      52A       55      A54       0
                maintext                            5DA      5DA      220      BB4       0
                cstackBANK0                          20       20        3       20       1
                cstackCOMMON                         70       70        C       70       1
                bssCOMMON                            7C       7C        2       70       1
                strings                               3        3       B9        6       0

TOTAL           Name                               Link     Load   Length     Space
        CLASS   CODE           
                end_init                              0        0        3         0
                cinit                               7FA      7FA        6         0
                text7                               49D      49D       22         0
                text6                               483      483       1A         0
                text5                               476      476        D         0
                text4                               57F      57F       5B         0
                text3                               4BF      4BF       25         0
                text2                               4E4      4E4       46         0
                text1                               52A      52A       55         0
                maintext                            5DA      5DA      220         0

        CLASS   STRCODE        

        CLASS   STRING         
                strings                               3        3       B9         0

        CLASS   CONST          

        CLASS   ENTRY          

        CLASS   COMMON         
                cstackCOMMON                         70       70        C         1
                bssCOMMON                            7C       7C        2         1

        CLASS   BANK0          
                cstackBANK0                          20       20        3         1

        CLASS   BANK1          

        CLASS   BANK2          

        CLASS   BANK3          

        CLASS   RAM            

        CLASS   ABS1           
                abs_s1                               7E       7E        2         1

        CLASS   SFR0           

        CLASS   SFR1           

        CLASS   SFR2           

        CLASS   SFR3           

        CLASS   CONFIG         
                config                             2007     2007        1         4

        CLASS   IDLOC          

        CLASS   EEDATA         

        CLASS   HEAP           

        CLASS   STACK          



SEGMENTS        Name                           Load    Length   Top    Selector   Space  Class     Delta

                reset_vec                      000000  000003  000003         0       0  CODE        2
                strings                        000003  0000B9  0000BC         6       0  STRING      2
                cstackBANK0                    000020  000003  000023        20       1  BANK0       1
                cstackCOMMON                   000070  00000E  00007E        70       1  COMMON      1
                text5                          000476  00000D  000483       8EC       0  CODE        2
                text6                          000483  00001A  00049D       906       0  CODE        2
                text7                          00049D  000022  0004BF       93A       0  CODE        2
                text3                          0004BF  000025  0004E4       97E       0  CODE        2
                text2                          0004E4  000046  00052A       9C8       0  CODE        2
                text1                          00052A  000055  00057F       A54       0  CODE        2
                text4                          00057F  00005B  0005DA       AFE       0  CODE        2
                maintext                       0005DA  000220  0007FA       BB4       0  CODE        2
                cinit                          0007FA  000006  000800       FF4       0  CODE        2


UNUSED ADDRESS RANGES

        Name                Unused          Largest block    Delta
        BANK0            0023-006F             4D           1
        BANK1            00A0-00EF             50           1
        BANK2            0110-016F             60           1
        BANK3            0190-01EF             60           1
        CODE             00BC-0475            3BA           2
                         0800-1FFF            800
        CONST            00BC-0475            100           2
                         0800-1FFF            100
        EEDATA           2100-21FF            100           2
        ENTRY            00BC-0475            100           2
                         0800-1FFF            100
        IDLOC            2000-2003              4           2
        RAM              0023-006F             4D           1
                         00A0-00EF             50
                         0110-016F             60
                         0190-01EF             60
        SFR0             0000-001F             20           1
        SFR1             0080-009F             20           1
        SFR2             0100-010F             10           1
        SFR3             0180-018F             10           1
        STRCODE          00BC-0475            3BA           2
                         0800-1FFF           1800
        STRING           00BC-0475            100           2
                         0800-1FFF            100

                                  Symbol Table

LCD_Cmd@a                   cstackCOMMON 0073
LCD_Print_Char@Lower_Nibble cstackCOMMON 0072
LCD_Print_Char@Upper_Nibble cstackCOMMON 0073
LCD_Print_Char@data         cstackCOMMON 0078
LCD_Print_Char@i            cstackCOMMON 0074
LCD_Print_Char@i_72         cstackCOMMON 0076
LCD_Print_String@a          cstackCOMMON 007B
LCD_Print_String@i          cstackCOMMON 0079
LCD_SetBit@data_bit         cstackCOMMON 0070
LCD_Set_Cursor@a            cstackCOMMON 0076
LCD_Set_Cursor@b            cstackCOMMON 0074
LCD_Set_Cursor@temp         cstackCOMMON 0079
LCD_Set_Cursor@y            cstackCOMMON 0078
LCD_Set_Cursor@z            cstackCOMMON 0077
_LCD_Clear                  text5        0476
_LCD_Cmd                    text6        0483
_LCD_Print_Char             text4        057F
_LCD_Print_String           text3        04BF
_LCD_SetBit                 text7        049D
_LCD_Set_Cursor             text2        04E4
_LCD_Start                  text1        052A
_RB1                        (abs)        0031
_RB2                        (abs)        0032
_RB3                        (abs)        0033
_RB4                        (abs)        0034
_RB5                        (abs)        0035
_RC0                        (abs)        0038
_RC1                        (abs)        0039
_RC2                        (abs)        003A
_RC3                        (abs)        003B
_RC4                        (abs)        003C
_RD2                        (abs)        0042
_RD3                        (abs)        0043
_RD4                        (abs)        0044
_RD5                        (abs)        0045
_RD6                        (abs)        0046
_RD7                        (abs)        0047
_TRISB                      (abs)        0086
_TRISC                      (abs)        0087
_TRISD                      (abs)        0088
__H__absolute__             __absolute__ 0000
__Habs1                     abs1         0000
__Hbank0                    bank0        0000
__Hbank1                    bank1        0000
__Hbank2                    bank2        0000
__Hbank3                    bank3        0000
__HbssCOMMON                bssCOMMON    0000
__Hcinit                    cinit        0800
__Hclrtext                  clrtext      0000
__Hcode                     code         0000
__Hcommon                   common       0000
__Hconfig                   config       2008
__HcstackBANK0              cstackBANK0  0000
__HcstackCOMMON             cstackCOMMON 0000
__Heeprom_data              eeprom_data  0000
__Hend_init                 end_init     0003
__Hfunctab                  functab      0000
__Hheap                     heap         0000
__Hinit                     init         0000
__Hintentry                 intentry     0000
__Hmaintext                 maintext     0000
__Hpowerup                  powerup      0000
__Hram                      ram          0000
__Hreset_vec                reset_vec    0000
__Hsfr0                     sfr0         0000
__Hsfr1                     sfr1         0000
__Hsfr2                     sfr2         0000
__Hsfr3                     sfr3         0000
__Hsivt                     sivt         0000
__Hspace_0                  (abs)        0800
__Hspace_1                  (abs)        007E
__Hspace_2                  (abs)        0000
__Hspace_3                  (abs)        0000
__Hspace_4                  (abs)        400F
__Hstack                    stack        0000
__Hstrings                  strings      0000
__Htext                     text         0000
__L__absolute__             __absolute__ 0000
__Labs1                     abs1         0000
__Lbank0                    bank0        0000
__Lbank1                    bank1        0000
__Lbank2                    bank2        0000
__Lbank3                    bank3        0000
__LbssCOMMON                bssCOMMON    0000
__Lcinit                    cinit        07FA
__Lclrtext                  clrtext      0000
__Lcode                     code         0000
__Lcommon                   common       0000
__Lconfig                   config       0000
__LcstackBANK0              cstackBANK0  0000
__LcstackCOMMON             cstackCOMMON 0000
__Leeprom_data              eeprom_data  0000
__Lend_init                 end_init     0000
__Lfunctab                  functab      0000
__Lheap                     heap         0000
__Linit                     init         0000
__Lintentry                 intentry     0000
__Lmaintext                 maintext     0000
__Lpowerup                  powerup      0000
__Lram                      ram          0000
__Lreset_vec                reset_vec    0000
__Lsfr0                     sfr0         0000
__Lsfr1                     sfr1         0000
__Lsfr2                     sfr2         0000
__Lsfr3                     sfr3         0000
__Lsivt                     sivt         0000
__Lspace_0                  (abs)        0000
__Lspace_1                  (abs)        0000
__Lspace_2                  (abs)        0000
__Lspace_3                  (abs)        0000
__Lspace_4                  (abs)        0000
__Lstack                    stack        0000
__Lstrings                  strings      0000
__Ltext                     text         0000
__S0                        (abs)        0800
__S1                        (abs)        007E
__S3                        (abs)        0000
___heap_hi                  (abs)        0000
___heap_lo                  (abs)        0000
___int_sp                   stack        0000
___int_stack_hi             stack        0000
___int_stack_lo             stack        0000
___latbits                  (abs)        0002
___sp                       stack        0000
___stack_hi                 stack        0000
___stack_lo                 stack        0000
___stackhi                  (abs)        0000
___stacklo                  (abs)        0000
__end_of_LCD_Clear          text5        0483
__end_of_LCD_Cmd            text6        049D
__end_of_LCD_Print_Char     text4        05DA
__end_of_LCD_Print_String   text3        04E4
__end_of_LCD_SetBit         text7        04BF
__end_of_LCD_Set_Cursor     text2        052A
__end_of_LCD_Start          text1        057F
__end_of__initialization    cinit        07FC
__end_of__stringtab         strings      0009
__end_of_main               maintext     07FA
__initialization            cinit        07FA
__pbssCOMMON                bssCOMMON    007C
__pcstackBANK0              cstackBANK0  0020
__pcstackCOMMON             cstackCOMMON 0070
__pmaintext                 maintext     05DA
__pstrings                  strings      0003
__ptext1                    text1        052A
__ptext2                    text2        04E4
__ptext3                    text3        04BF
__ptext4                    text4        057F
__ptext5                    text5        0476
__ptext6                    text6        0483
__ptext7                    text7        049D
__stringbase                strings      0008
__stringtab                 strings      0003
_main                       maintext     05DA
_modetype                   bssCOMMON    007C
btemp                       (abs)        007E
end_of_initialization       cinit        07FC
intlevel0                   functab      0000
intlevel1                   functab      0000
intlevel2                   functab      0000
intlevel3                   functab      0000
intlevel4                   functab      0000
intlevel5                   functab      0000
reset_vec                   reset_vec    0000
start                       init         0000
start_initialization        cinit        07FA
wtemp0                      (abs)        007E


MODULE INFORMATION

Module		Function		Class		Link	Load	Size
shared
		__stringtab    		STRING         	0003	0000	6
		__initialization		CODE           	07FA	0000	2

shared estimated size: 8

Water_Management_System.c
		_LCD_Cmd       		CODE           	0483	0000	26
		_LCD_SetBit    		CODE           	049D	0000	34
		_main          		CODE           	05DA	0000	544
		_LCD_Start     		CODE           	052A	0000	85
		_LCD_Set_Cursor		CODE           	04E4	0000	70
		_LCD_Clear     		CODE           	0476	0000	13
		_LCD_Print_String		CODE           	04BF	0000	37
		_LCD_Print_Char		CODE           	057F	0000	91

Water_Management_System.c estimated size: 900

